
> admin-request-platform@0.1.0 build
> next build

   ▲ Next.js 15.5.15
   - Environments: .env.local, .env

   Creating an optimized production build ...
node.exe : self-signed certificate in certificate chain
At line:1 char:1
+ & "C:\Program Files\nodejs/node.exe" "C:\Program Files\nodejs/node_mo ...
+ ~~~~~~~~~~~~~~~~~~~~~~~~~~~~~~~~~~~~~~~~~~~~~~~~~~~~~~~~~~~~~~~~~~~~~
    + CategoryInfo          : NotSpecified: (self-signed cer...rtificate chain:String) [], RemoteException
    + FullyQualifiedErrorId : NativeCommandError
 

Retrying 1/3...
self-signed certificate in certificate chain

Retrying 2/3...
self-signed certificate in certificate chain

Retrying 3/3...
[Error: self-signed certificate in certificate chain] {
  code: 'SELF_SIGNED_CERT_IN_CHAIN'
}
Failed to compile.

src\app\layout.tsx
`next/font` error:
Failed to fetch `Inter` from Google Fonts.


> Build failed because of webpack errors
